// Jest Snapshot v1, https://goo.gl/fbAQLP

exports[`Logo.component Passes shallow snapshot test 1`] = `
<div
  class="logoContainer MuiBox-root css-0"
  data-testid="logo"
>
  <div
    class="imageLogoContainer MuiBox-root css-1tyndxa"
  >
    <img
      alt="Login form logo"
    />
  </div>
</div>
`;
